{"logTime": "1006/011507", "correlationVector":"LDt34nbr5QhXC3ebZE2KMM.1","action":"SyncServerConnectionManagerRequest", "result":"SYNC_SERVER_OK", "context":{"environment":"Prod_southeastasia_prod-s01-064-apac-southeastasia", "migrationStage":"NotStarted", "server":"akswtt00300005w"}}
{"logTime": "1006/011507", "correlationVector":"LDt34nbr5QhXC3ebZE2KMM.2","action":"ProcessGetUpdates", "result":"Done", "context":{"dataType":"Encryption Keys", "deleted":"0", "process_failed_to_decrypt":"0", "process_pending_decryption":"0", "process_success":"1", "total":"1"}}
{"logTime": "1006/011507", "correlationVector":"OOKoxfVU+WbqSo/nhikHju","action":"SyncServerConnectionManagerRequest", "result":"SYNC_SERVER_OK", "context":{"environment":"", "migrationStage":"", "server":""}}
{"logTime": "1006/011507", "correlationVector":"OOKoxfVU+WbqSo/nhikHju.0","action":"EncryptionKeysFetcher.DownloadKeys:", "result":"Success", "context":Key count: 3, Last key timestamp: 2026-07-01T06:33:55Z}
{"logTime": "1006/011507", "correlationVector":"OOKoxfVU+WbqSo/nhikHju.1","action":"EncryptionKeysManager::SetEncryptionKeys:", "result":"Success", "context":Key names[3]:[t3CFMxWLnk4JnNn0gPc1P4fOXcJ2kak/yX+sNwih40iw+LRf+KQ2Z8qVAzeFn8Fj9rVltEosQXhpCZ1bG05fnA==][6Rm9rSTCFFHp3If3uJBgCF4GWAZnBXLo60+a6tpVV8/rcH1GCiewMtQ8nOexpgFGGYHG20A2QNVgn8qEljy3LQ==][J1aWdRoVyDTN13eEGfNmkkw5rFOc7TsuAyeNSRGG1M/OQUql0dJaNCs6+S0Fh2YZh/jzzLzS2lgR7B1JR4VqSA==]}
{"logTime": "1006/011507", "correlationVector":"OOKoxfVU+WbqSo/nhikHju.2","action":"EncryptionKeysManager::SetEncryptionKeysWithTimestamps:", "result":"Success", "context":Key timestamps[3]:[2025-07-04T10:53:45Z][2026-01-01T12:26:34Z][2026-07-01T06:33:55Z]}
{"logTime": "1006/011507", "correlationVector":"LDt34nbr5QhXC3ebZE2KMM","action":"Initial GetUpdates", "result":"", "context":Reason: NEW_CLIENT. cV=LDt34nbr5QhXC3ebZE2KMM}
{"logTime": "1006/011507", "correlationVector":"LDt34nbr5QhXC3ebZE2KMM.3","action":"GetUpdates Response", "result":"Success", "context":Received 1 update(s). cV=LDt34nbr5QhXC3ebZE2KMM.0;server=akswtt00300005w;cloudType=Consumer;environment=Prod_southeastasia_prod-s01-064-apac-southeastasia;migrationStage=NotStarted}
{"logTime": "1006/011507", "correlationVector":"E62hjbaHOI08jLaboHhGs8","action":"Initial GetUpdates", "result":"", "context":Reason: NEWLY_SUPPORTED_DATATYPE. cV=E62hjbaHOI08jLaboHhGs8}
{"logTime": "1006/011509", "correlationVector":"E62hjbaHOI08jLaboHhGs8.1","action":"SyncServerConnectionManagerRequest", "result":"SYNC_SERVER_OK", "context":{"environment":"Prod_southeastasia_prod-s01-065-apac-southeastasia", "migrationStage":"NotStarted", "server":"akswtt003000000"}}
{"logTime": "1006/011509", "correlationVector":"E62hjbaHOI08jLaboHhGs8.2","action":"ProcessGetUpdates", "result":"Done", "context":{"dataType":"Passwords", "deleted":"0", "process_failed_to_decrypt":"0", "process_pending_decryption":"0", "process_success":"25", "total":"25"}}
{"logTime": "1006/011509", "correlationVector":"E62hjbaHOI08jLaboHhGs8.3","action":"ProcessGetUpdates", "result":"Done", "context":{"dataType":"Device Info", "deleted":"0", "process_failed_to_decrypt":"0", "process_pending_decryption":"0", "process_success":"7", "total":"7"}}
{"logTime": "1006/011509", "correlationVector":"E62hjbaHOI08jLaboHhGs8.4","action":"GetUpdates Response", "result":"Success", "context":Received 32 update(s). cV=E62hjbaHOI08jLaboHhGs8.0;server=akswtt003000000;cloudType=Consumer;environment=Prod_southeastasia_prod-s01-065-apac-southeastasia;migrationStage=NotStarted}
{"logTime": "1006/011509", "correlationVector":"TnasShZjnf3uIki1JjvbUq","action":"Initial GetUpdates", "result":"", "context":Reason: NEWLY_SUPPORTED_DATATYPE. cV=TnasShZjnf3uIki1JjvbUq}
{"logTime": "1006/011509", "correlationVector":"TnasShZjnf3uIki1JjvbUq.1","action":"SyncServerConnectionManagerRequest", "result":"SYNC_SERVER_OK", "context":{"environment":"Prod_southeastasia_prod-s01-064-apac-southeastasia", "migrationStage":"NotStarted", "server":"akswtt003000030"}}
{"logTime": "1006/011509", "correlationVector":"TnasShZjnf3uIki1JjvbUq.2","action":"ProcessGetUpdates", "result":"Done", "context":{"dataType":"Bookmarks", "deleted":"0", "process_failed_to_decrypt":"0", "process_pending_decryption":"0", "process_success":"28", "total":"28"}}
{"logTime": "1006/011509", "correlationVector":"TnasShZjnf3uIki1JjvbUq.3","action":"ProcessGetUpdates", "result":"Done", "context":{"dataType":"Preferences", "deleted":"0", "process_failed_to_decrypt":"0", "process_pending_decryption":"0", "process_success":"44", "total":"44"}}
{"logTime": "1006/011509", "correlationVector":"TnasShZjnf3uIki1JjvbUq.4","action":"ProcessGetUpdates", "result":"Done", "context":{"dataType":"Autofill Profiles", "deleted":"0", "process_failed_to_decrypt":"0", "process_pending_decryption":"0", "process_success":"3", "total":"3"}}
{"logTime": "1006/011509", "correlationVector":"TnasShZjnf3uIki1JjvbUq.5","action":"ProcessGetUpdates", "result":"Done", "context":{"dataType":"Autofill", "deleted":"0", "process_failed_to_decrypt":"0", "process_pending_decryption":"0", "process_success":"159", "total":"159"}}
{"logTime": "1006/011509", "correlationVector":"TnasShZjnf3uIki1JjvbUq.6","action":"ProcessGetUpdates", "result":"Done", "context":{"dataType":"Extensions", "deleted":"0", "process_failed_to_decrypt":"0", "process_pending_decryption":"0", "process_success":"2", "total":"2"}}
{"logTime": "1006/011509", "correlationVector":"TnasShZjnf3uIki1JjvbUq.7","action":"ProcessGetUpdates", "result":"Done", "context":{"dataType":"Sessions", "deleted":"14", "process_failed_to_decrypt":"0", "process_pending_decryption":"0", "process_success":"14", "total":"14"}}
{"logTime": "1006/011509", "correlationVector":"TnasShZjnf3uIki1JjvbUq.8","action":"GetUpdates Response", "result":"Success", "context":Received 250 update(s). cV=TnasShZjnf3uIki1JjvbUq.0;server=akswtt003000030;cloudType=Consumer;environment=Prod_southeastasia_prod-s01-064-apac-southeastasia;migrationStage=NotStarted Some updates remain.}
{"logTime": "1006/011509", "correlationVector":"jB4yn/dgLECFLy+Qi2nYpi","action":"Initial GetUpdates", "result":"", "context":Reason: NEWLY_SUPPORTED_DATATYPE. cV=jB4yn/dgLECFLy+Qi2nYpi}
