2026-10-06 01:15:06.084: [INFO] CurrentProfilePath: C:\Users\fa'r\Desktop\worksheet-ai\_bench\_edgeprof\Default
2026-10-06 01:15:06.084: [INFO] Profiles total count: 1
2026-10-06 01:15:06.084: [INFO] Profile: name=用户配置 1 path=C:\Users\fa'r\Desktop\worksheet-ai\_bench\_edgeprof\Default lastActive=null
2026-10-06 01:15:06.084: [INFO] LastUsedProfileDir: C:\Users\fa'r\Desktop\worksheet-ai\_bench\_edgeprof\Default
2026-10-06 01:15:06.084: [INFO] VisibilityChanged: 0
2026-10-06 01:15:06.096: [INFO] RecordSyncInitDuration has_sync_been_enabled: 0 state: 0
2026-10-06 01:15:06.096: [INFO] RecordSyncInitDuration has_sync_been_enabled: 0 state: 0
2026-10-06 01:15:06.096: [INFO] RecordSyncInitDuration has_sync_been_enabled: 0 state: 0
2026-10-06 01:15:06.097: [INFO] RecordSyncInitDuration has_sync_been_enabled: 0 state: 0
2026-10-06 01:15:06.097: [INFO] RecordSyncInitDuration has_sync_been_enabled: 0 state: 0
2026-10-06 01:15:06.097: [INFO] RecordSyncInitDuration has_sync_been_enabled: 0 state: 0
2026-10-06 01:15:06.098: [INFO] RecordSyncInitDuration has_sync_been_enabled: 0 state: 0
2026-10-06 01:15:06.098: [INFO] RecordSyncInitDuration has_sync_been_enabled: 0 state: 0
2026-10-06 01:15:06.099: [INFO] RecordSyncInitDuration has_sync_been_enabled: 0 state: 0
2026-10-06 01:15:06.099: [INFO] RecordSyncInitDuration has_sync_been_enabled: 0 state: 0
2026-10-06 01:15:06.125: [INFO] OnDoneLoading sync enabled: 0
2026-10-06 01:15:06.125: [INFO] BookmarkModelLoaded, ids_reassigned: 0
2026-10-06 01:15:06.125: [INFO] BookmarksLoadDropped droppedNodes=0
2026-10-06 01:15:06.125: [INFO] BookmarksSnapshot Startup total=0 bar=0 other=0 mobile=0 showBar=0 showBarNTP=1
2026-10-06 01:15:06.207: [INFO] RecordSyncInitDuration has_sync_been_enabled: 0 state: 0
2026-10-06 01:15:06.634: [INFO] RecordSyncInitDuration has_sync_been_enabled: 0 state: 0
2026-10-06 01:15:06.635: [INFO] RecordSyncInitDuration has_sync_been_enabled: 0 state: 3
2026-10-06 01:15:06.636: [INFO] Primary account changed.
2026-10-06 01:15:06.636: [INFO] OnPrimaryAccountChanged PrimaryAccountChangeEvent::Type::kSet
2026-10-06 01:15:06.640: [INFO] RecordSyncInitDuration has_sync_been_enabled: 0 state: 3
2026-10-06 01:15:06.652: [INFO] RecordSyncInitDuration has_sync_been_enabled: 0 state: 3
